2025-11-13 14:52:06 UTC
Windows-10-10.0.19045-SP0
Ren'Py 8.4.1.25072401

Early init took 202 ms
Loading error handling took 109 ms
Loading script took 845 ms
Loading save slot metadata took 94 ms
Loading persistent took 0 ms

File "game/script.rpy", line 2: invalid syntax
    personagem_principal = input"Qual Ã© seu nome?\n:"
                                    ^^^^^^^^^^^^^^^^
DPI scale factor: 1.000000
nvdrs: Loaded, about to disable thread optimizations.
nvdrs: b"Couldn't load nvlib." (can be ignored)
Interface start took 2315 ms

Initializing gl2 renderer:
primary display bounds: (0, 0, 1366, 768)
swap interval: 1 frames
Windowed mode.
Vendor: 'Intel'
Renderer: 'Intel(R) HD Graphics 620'
Version: '4.6.0 - Build 27.20.100.8682'
Display Info: <Info({'bitsize': 32, 'bytesize': 4, 'masks': (16711680, 65280, 255, 0), 'shifts': (16, 8, 0, 0), 'losses': (0, 0, 0, 8), 'current_w': 1366, 'current_h': 768, 'refresh_rate': 60, 'hw': False, 'wm': True, 'video_mem': 268435456, 'blit_hw': False, 'blit_hw_CC': False, 'blit_hw_A': False, 'blit_sw': False, 'blit_sw_CC': False, 'blit_sw_A': False})>
Screen sizes: virtual=(1920, 1080) physical=(1184, 666) drawable=(1184, 666)
Maximum texture size: 4096x4096
Could not open 'cache/shaders.txt':
Resetting cache.
Early init took 31 ms
Loading error handling took 85 ms
Loading script took 331 ms
Loading save slot metadata took 33 ms
Loading persistent took 1 ms
Running init code took 171 ms
Loading analysis data took 14 ms
Analyze and compile ATL took 3 ms
Reloading save slot metadata took 7 ms
Backing up script files to 'C:\\Users\\renat\\AppData\\Roaming/RenPy/backups\\A guiding Friend':
Dump and make backups took 141 ms
Cleaning cache took 0 ms
Making clean stores took 1 ms
Initial gc took 109 ms
DPI scale factor: 1.000000
nvdrs: Loaded, about to disable thread optimizations.
nvdrs: b"Couldn't load nvlib." (can be ignored)
Creating interface object took 4 ms
Init translation took 1 ms
Cleaning stores took 0 ms
Load screen analysis took 2 ms
Analyze screens took 36 ms
Save screen analysis took 29 ms
Save pyanalysis took 0 ms
Save bytecode took 6 ms
Running _start took 3 ms
Interface start took 1483 ms

Initializing gl2 renderer:
primary display bounds: (0, 0, 1366, 768)
swap interval: 1 frames
Windowed mode.
Vendor: 'Intel'
Renderer: 'Intel(R) HD Graphics 620'
Version: '4.6.0 - Build 27.20.100.8682'
Display Info: <Info({'bitsize': 32, 'bytesize': 4, 'masks': (16711680, 65280, 255, 0), 'shifts': (16, 8, 0, 0), 'losses': (0, 0, 0, 8), 'current_w': 1366, 'current_h': 768, 'refresh_rate': 60, 'hw': False, 'wm': True, 'video_mem': 268435456, 'blit_hw': False, 'blit_hw_CC': False, 'blit_hw_A': False, 'blit_sw': False, 'blit_sw_CC': False, 'blit_sw_A': False})>
Screen sizes: virtual=(1920, 1080) physical=(1184, 666) drawable=(1184, 666)
Maximum texture size: 4096x4096
Could not open 'cache/shaders.txt':
Cleaning stores took 4 ms
Load screen analysis took 122 ms
Analyze screens took 0 ms
Running _start took 15 ms
Cleaning stores took 3 ms
Load screen analysis took 289 ms
Analyze screens took 0 ms
Running _start took 82 ms
Resetting cache.
Early init took 429 ms
Loading error handling took 154 ms
Loading script took 1057 ms
Loading save slot metadata took 57 ms
Loading persistent took 0 ms
Running init code took 222 ms
Loading analysis data took 23 ms
Analyze and compile ATL took 4 ms
Reloading save slot metadata took 7 ms
Backing up script files to 'C:\\Users\\renat\\AppData\\Roaming/RenPy/backups\\A guiding Friend':
Dump and make backups took 273 ms
Cleaning cache took 0 ms
Making clean stores took 1 ms
Initial gc took 225 ms
DPI scale factor: 1.000000
Creating interface object took 6 ms
Init translation took 1 ms
Cleaning stores took 1 ms
Load screen analysis took 2 ms
Analyze screens took 35 ms
Save screen analysis took 34 ms
Save pyanalysis took 1 ms
Save bytecode took 0 ms
Running _start took 3 ms
Interface start took 1947 ms

Initializing gl2 renderer:
primary display bounds: (0, 0, 1366, 768)
swap interval: 1 frames
Windowed mode.
Vendor: 'Intel'
Renderer: 'Intel(R) HD Graphics 620'
Version: '4.6.0 - Build 27.20.100.8682'
Display Info: <Info({'bitsize': 32, 'bytesize': 4, 'masks': (16711680, 65280, 255, 0), 'shifts': (16, 8, 0, 0), 'losses': (0, 0, 0, 8), 'current_w': 1366, 'current_h': 768, 'refresh_rate': 60, 'hw': False, 'wm': True, 'video_mem': 268435456, 'blit_hw': False, 'blit_hw_CC': False, 'blit_hw_A': False, 'blit_sw': False, 'blit_sw_CC': False, 'blit_sw_A': False})>
Screen sizes: virtual=(1920, 1080) physical=(1184, 666) drawable=(1184, 666)
Maximum texture size: 4096x4096
Cleaning stores took 1 ms
Load screen analysis took 112 ms
Analyze screens took 0 ms
Running _start took 12 ms
Resetting cache.
Early init took 53 ms
Loading error handling took 90 ms
Loading script took 514 ms
Loading save slot metadata took 79 ms
Loading persistent took 0 ms
Running init code took 118 ms
Loading analysis data took 12 ms
Analyze and compile ATL took 4 ms
Reloading save slot metadata took 5 ms
Backing up script files to 'C:\\Users\\renat\\AppData\\Roaming/RenPy/backups\\A guiding Friend':
Dump and make backups took 184 ms
Cleaning cache took 0 ms
Making clean stores took 1 ms
Initial gc took 176 ms
DPI scale factor: 1.000000
Creating interface object took 9 ms
Init translation took 1 ms
Cleaning stores took 0 ms
Load screen analysis took 4 ms
Analyze screens took 43 ms
Save screen analysis took 31 ms
Save pyanalysis took 0 ms
Save bytecode took 4 ms
Running _start took 5 ms
Interface start took 1803 ms

Initializing gl2 renderer:
primary display bounds: (0, 0, 1366, 768)
swap interval: 1 frames
Windowed mode.
Vendor: 'Intel'
Renderer: 'Intel(R) HD Graphics 620'
Version: '4.6.0 - Build 27.20.100.8682'
Display Info: <Info({'bitsize': 32, 'bytesize': 4, 'masks': (16711680, 65280, 255, 0), 'shifts': (16, 8, 0, 0), 'losses': (0, 0, 0, 8), 'current_w': 1366, 'current_h': 768, 'refresh_rate': 60, 'hw': False, 'wm': True, 'video_mem': 268435456, 'blit_hw': False, 'blit_hw_CC': False, 'blit_hw_A': False, 'blit_sw': False, 'blit_sw_CC': False, 'blit_sw_A': False})>
Screen sizes: virtual=(1920, 1080) physical=(1184, 666) drawable=(1184, 666)
Maximum texture size: 4096x4096

Full traceback:
  File "renpy/ast.py", line 625, in eval_who
    return renpy.python.py_eval(who)
           ~~~~~~~~~~~~~~~~~~~~^^^^^
  File "renpy/python.py", line 1292, in py_eval
    return py_eval_bytecode(code, globals, locals)
           ~~~~~~~~~~~~~~~~^^^^^^^^^^^^^^^^^^^^^^^
  File "renpy/python.py", line 1285, in py_eval_bytecode
    return eval(bytecode, globals, locals)
           ~~~~^^^^^^^^^^^^^^^^^^^^^^^^^^^
  File "<none>", line 1, in <module>
NameError: name 'C' is not defined

During handling of the above exception, another exception occurred:

Traceback (most recent call last):
  File "game/script.rpy", line 30, in script
    C "{CPS=20} ... Eu to sozinho"
  File "renpy/ast.py", line 2915, in execute
    Say.execute(self)
    ~~~~~~~~~~~^^^^^^
  File "renpy/ast.py", line 956, in execute
    who = eval_who(self.who, self.who_fast)
          ~~~~~~~~^^^^^^^^^^^^^^^^^^^^^^^^^
  File "renpy/ast.py", line 627, in eval_who
    raise Exception("Sayer '%s' is not defined." % who)
Exception: Sayer 'C' is not defined.

While running game code:
NameError: name 'C' is not defined

During handling of the above exception, another exception occurred:

Traceback (most recent call last):
  File "game/script.rpy", line 30, in script
    C "{CPS=20} ... Eu to sozinho"
Exception: Sayer 'C' is not defined.
Resetting cache.
Early init took 55 ms
Loading error handling took 72 ms
Loading script took 461 ms
Loading save slot metadata took 56 ms
Loading persistent took 1 ms
Running init code took 168 ms
Loading analysis data took 12 ms
Analyze and compile ATL took 4 ms
Reloading save slot metadata took 7 ms
Backing up script files to 'C:\\Users\\renat\\AppData\\Roaming/RenPy/backups\\A guiding Friend':
Dump and make backups took 201 ms
Cleaning cache took 0 ms
Making clean stores took 1 ms
Initial gc took 180 ms
DPI scale factor: 1.000000
Creating interface object took 3 ms
Init translation took 2 ms
Cleaning stores took 0 ms
Load screen analysis took 3 ms
Analyze screens took 145 ms
Save screen analysis took 116 ms
Save pyanalysis took 0 ms
Save bytecode took 0 ms
Running _start took 4 ms
Interface start took 5660 ms

Initializing gl2 renderer:
primary display bounds: (0, 0, 1366, 768)
swap interval: 1 frames
Windowed mode.
Vendor: 'Intel'
Renderer: 'Intel(R) HD Graphics 620'
Version: '4.6.0 - Build 27.20.100.8682'
Display Info: <Info({'bitsize': 32, 'bytesize': 4, 'masks': (16711680, 65280, 255, 0), 'shifts': (16, 8, 0, 0), 'losses': (0, 0, 0, 8), 'current_w': 1366, 'current_h': 768, 'refresh_rate': 60, 'hw': False, 'wm': True, 'video_mem': 268435456, 'blit_hw': False, 'blit_hw_CC': False, 'blit_hw_A': False, 'blit_sw': False, 'blit_sw_CC': False, 'blit_sw_A': False})>
Screen sizes: virtual=(1920, 1080) physical=(1184, 666) drawable=(1184, 666)
Maximum texture size: 4096x4096
Resetting cache.
Early init took 165 ms
Loading error handling took 115 ms
Loading script took 1082 ms
Loading save slot metadata took 34 ms
Loading persistent took 1 ms
Running init code took 121 ms
Loading analysis data took 12 ms
Analyze and compile ATL took 7 ms
Reloading save slot metadata took 14 ms
Backing up script files to 'C:\\Users\\renat\\AppData\\Roaming/RenPy/backups\\A guiding Friend':
Dump and make backups took 204 ms
Cleaning cache took 1 ms
Making clean stores took 0 ms
Initial gc took 152 ms
DPI scale factor: 1.000000
Creating interface object took 3 ms
Init translation took 0 ms
Cleaning stores took 1 ms
Load screen analysis took 1 ms
Analyze screens took 32 ms
Save screen analysis took 45 ms
Save pyanalysis took 1 ms
Save bytecode took 3 ms
Running _start took 12 ms
Interface start took 2359 ms

Initializing gl2 renderer:
primary display bounds: (0, 0, 1366, 768)
swap interval: 1 frames
Windowed mode.
Vendor: 'Intel'
Renderer: 'Intel(R) HD Graphics 620'
Version: '4.6.0 - Build 27.20.100.8682'
Display Info: <Info({'bitsize': 32, 'bytesize': 4, 'masks': (16711680, 65280, 255, 0), 'shifts': (16, 8, 0, 0), 'losses': (0, 0, 0, 8), 'current_w': 1366, 'current_h': 768, 'refresh_rate': 60, 'hw': False, 'wm': True, 'video_mem': 268435456, 'blit_hw': False, 'blit_hw_CC': False, 'blit_hw_A': False, 'blit_sw': False, 'blit_sw_CC': False, 'blit_sw_A': False})>
Screen sizes: virtual=(1920, 1080) physical=(1184, 666) drawable=(1184, 666)
Maximum texture size: 4096x4096
